// Jest Snapshot v1, https://goo.gl/fbAQLP

exports[`Inbox.vue renders correctly 1`] = `
<div
  class="animated fadeIn"
>
  <div
    class="email-app mb-4"
  >
    <nav>
      <a
        class="btn btn-danger btn-block"
        href="#/apps/email/compose"
      >
        New Email
      </a>
       
      <ul
        class="nav"
      >
        <li
          class="nav-item"
        >
          <a
            class="nav-link"
            href="#"
          >
            <i
              class="fa fa-inbox"
            />
             Inbox 
            <b-badge-stub
              activeclass="active"
              event="click"
              exactactiveclass="active"
              routertag="a"
              tag="span"
              target="_self"
              variant="danger"
            >
              4
            </b-badge-stub>
          </a>
        </li>
         
        <li
          class="nav-item"
        >
          <a
            class="nav-link"
            href="#"
          >
            <i
              class="fa fa-star"
            />
             Stared
          </a>
        </li>
         
        <li
          class="nav-item"
        >
          <a
            class="nav-link"
            href="#"
          >
            <i
              class="fa fa-rocket"
            />
             Sent
          </a>
        </li>
         
        <li
          class="nav-item"
        >
          <a
            class="nav-link"
            href="#"
          >
            <i
              class="fa fa-trash-o"
            />
             Trash
          </a>
        </li>
         
        <li
          class="nav-item"
        >
          <a
            class="nav-link"
            href="#"
          >
            <i
              class="fa fa-bookmark"
            />
             Important
            <b-badge-stub
              activeclass="active"
              event="click"
              exactactiveclass="active"
              routertag="a"
              tag="span"
              target="_self"
              variant="info"
            >
              5
            </b-badge-stub>
          </a>
        </li>
         
        <li
          class="nav-item"
        >
          <a
            class="nav-link"
            href="#"
          >
            <i
              class="fa fa-inbox"
            />
             Inbox 
            <b-badge-stub
              activeclass="active"
              event="click"
              exactactiveclass="active"
              routertag="a"
              tag="span"
              target="_self"
              variant="danger"
            >
              4
            </b-badge-stub>
          </a>
        </li>
      </ul>
    </nav>
     
    <main
      class="inbox"
    >
      <div
        class="toolbar"
      >
        <div
          class="btn-group mr-1"
        >
          <b-button-stub
            activeclass="active"
            event="click"
            exactactiveclass="active"
            routertag="a"
            target="_self"
            type="button"
            variant="light"
          >
            <span
              class="fa fa-envelope"
            />
          </b-button-stub>
           
          <b-button-stub
            activeclass="active"
            event="click"
            exactactiveclass="active"
            routertag="a"
            target="_self"
            type="button"
            variant="light"
          >
            <span
              class="fa fa-star"
            />
          </b-button-stub>
           
          <b-button-stub
            activeclass="active"
            event="click"
            exactactiveclass="active"
            routertag="a"
            target="_self"
            type="button"
            variant="light"
          >
            <span
              class="fa fa-star-o"
            />
          </b-button-stub>
           
          <b-button-stub
            activeclass="active"
            event="click"
            exactactiveclass="active"
            routertag="a"
            target="_self"
            type="button"
            variant="light"
          >
            <span
              class="fa fa-bookmark-o"
            />
          </b-button-stub>
        </div>
         
        <div
          class="btn-group mr-1"
        >
          <b-button-stub
            activeclass="active"
            event="click"
            exactactiveclass="active"
            routertag="a"
            target="_self"
            type="button"
            variant="light"
          >
            <span
              class="fa fa-mail-reply"
            />
          </b-button-stub>
           
          <b-button-stub
            activeclass="active"
            event="click"
            exactactiveclass="active"
            routertag="a"
            target="_self"
            type="button"
            variant="light"
          >
            <span
              class="fa fa-mail-reply-all"
            />
          </b-button-stub>
           
          <b-button-stub
            activeclass="active"
            event="click"
            exactactiveclass="active"
            routertag="a"
            target="_self"
            type="button"
            variant="light"
          >
            <span
              class="fa fa-mail-forward"
            />
          </b-button-stub>
        </div>
         
        <b-button-stub
          activeclass="active"
          event="click"
          exactactiveclass="active"
          routertag="a"
          target="_self"
          type="button"
          variant="light"
        >
          <span
            class="fa fa-trash-o"
          />
        </b-button-stub>
         
        <b-dropdown-stub
          boundary="scrollParent"
          class="ml-1"
          role="menu"
          toggletext="Toggle Dropdown"
          variant="light"
        >
          <template>
            <span
              class="fa fa-tags"
            />
          </template>
           
          <b-dropdown-item-stub
            activeclass="active"
            event="click"
            exactactiveclass="active"
            href="#"
            routertag="a"
            target="_self"
          >
            add label 
            <b-badge-stub
              activeclass="active"
              event="click"
              exactactiveclass="active"
              routertag="a"
              tag="span"
              target="_self"
              variant="danger"
            >
               Home
            </b-badge-stub>
          </b-dropdown-item-stub>
           
          <b-dropdown-item-stub
            activeclass="active"
            event="click"
            exactactiveclass="active"
            href="#"
            routertag="a"
            target="_self"
          >
            add label 
            <b-badge-stub
              activeclass="active"
              event="click"
              exactactiveclass="active"
              routertag="a"
              tag="span"
              target="_self"
              variant="info"
            >
               Job
            </b-badge-stub>
          </b-dropdown-item-stub>
           
          <b-dropdown-item-stub
            activeclass="active"
            event="click"
            exactactiveclass="active"
            href="#"
            routertag="a"
            target="_self"
          >
            add label 
            <b-badge-stub
              activeclass="active"
              event="click"
              exactactiveclass="active"
              routertag="a"
              tag="span"
              target="_self"
              variant="success"
            >
               Clients
            </b-badge-stub>
          </b-dropdown-item-stub>
           
          <b-dropdown-item-stub
            activeclass="active"
            event="click"
            exactactiveclass="active"
            href="#"
            routertag="a"
            target="_self"
          >
            add label 
            <b-badge-stub
              activeclass="active"
              event="click"
              exactactiveclass="active"
              routertag="a"
              tag="span"
              target="_self"
              variant="warning"
            >
               News
            </b-badge-stub>
          </b-dropdown-item-stub>
        </b-dropdown-stub>
         
        <div
          class="btn-group float-right"
        >
          <b-button-stub
            activeclass="active"
            event="click"
            exactactiveclass="active"
            routertag="a"
            target="_self"
            type="button"
            variant="light"
          >
            <span
              class="fa fa-chevron-left"
            />
          </b-button-stub>
           
          <b-button-stub
            activeclass="active"
            event="click"
            exactactiveclass="active"
            routertag="a"
            target="_self"
            type="button"
            variant="light"
          >
            <span
              class="fa fa-chevron-right"
            />
          </b-button-stub>
        </div>
      </div>
       
      <ul
        class="messages"
      >
        <li
          class="message unread"
        >
          <a
            href="#"
          >
            <div
              class="actions"
            >
              <span
                class="action"
              >
                <i
                  class="fa fa-square-o"
                />
              </span>
               
              <span
                class="action"
              >
                <i
                  class="fa fa-star-o"
                />
              </span>
            </div>
             
            <div
              class="header"
            >
              <span
                class="from"
              >
                Lukasz Holeczek
              </span>
               
              <span
                class="date"
              >
                <span
                  class="fa fa-paper-clip"
                />
                 Today, 3:47 PM
              </span>
            </div>
             
            <div
              class="title"
            >
              
              Lorem ipsum dolor sit amet, consectetur adipisicing elit.
            
            </div>
             
            <div
              class="description"
            >
              
              Lorem ipsum dolor sit amet, consectetur adipisicing elit, sed do eiusmod tempor incididunt ut labore et dolore magna aliqua. Ut enim ad minim veniam, quis nostrud exercitation ullamco laboris nisi ut aliquip ex ea commodo consequat. Duis aute irure dolor in reprehenderit in voluptate velit esse cillum dolore eu fugiat nulla pariatur.
            
            </div>
          </a>
        </li>
         
        <li
          class="message"
        >
          <a
            href="#"
          >
            <div
              class="actions"
            >
              <span
                class="action"
              >
                <i
                  class="fa fa-square-o"
                />
              </span>
               
              <span
                class="action"
              >
                <i
                  class="fa fa-star-o"
                />
              </span>
            </div>
             
            <div
              class="header"
            >
              <span
                class="from"
              >
                Lukasz Holeczek
              </span>
               
              <span
                class="date"
              >
                <span
                  class="fa fa-paper-clip"
                />
                 Today, 3:47 PM
              </span>
            </div>
             
            <div
              class="title"
            >
              
              Lorem ipsum dolor sit amet, consectetur adipisicing elit, sed do eiusmod tempor incididunt ut labore et dolore magna aliqua.
            
            </div>
             
            <div
              class="description"
            >
              
              Lorem ipsum dolor sit amet, consectetur adipisicing elit, sed do eiusmod tempor incididunt ut labore et dolore magna aliqua. Ut enim ad minim veniam, quis nostrud exercitation ullamco laboris nisi ut aliquip ex ea commodo consequat. Duis aute irure dolor in reprehenderit in voluptate velit esse cillum dolore eu fugiat nulla pariatur.
            
            </div>
          </a>
        </li>
         
        <li
          class="message"
        >
          <a
            href="#"
          >
            <div
              class="actions"
            >
              <span
                class="action"
              >
                <i
                  class="fa fa-square-o"
                />
              </span>
               
              <span
                class="action"
              >
                <i
                  class="fa fa-star-o"
                />
              </span>
            </div>
             
            <div
              class="header"
            >
              <span
                class="from"
              >
                Lukasz Holeczek
              </span>
               
              <span
                class="date"
              >
                Today, 3:47 PM
              </span>
            </div>
             
            <div
              class="title"
            >
              
              Lorem ipsum dolor sit amet.
            
            </div>
             
            <div
              class="description"
            >
              
              Lorem ipsum dolor sit amet, consectetur adipisicing elit, sed do eiusmod tempor incididunt ut labore et dolore magna aliqua. Ut enim ad minim veniam, quis nostrud exercitation ullamco laboris nisi ut aliquip ex ea commodo consequat. Duis aute irure dolor in reprehenderit in voluptate velit esse cillum dolore eu fugiat nulla pariatur.
            
            </div>
          </a>
        </li>
         
        <li
          class="message unread"
        >
          <a
            href="#"
          >
            <div
              class="actions"
            >
              <span
                class="action"
              >
                <i
                  class="fa fa-square-o"
                />
              </span>
               
              <span
                class="action"
              >
                <i
                  class="fa fa-star-o"
                />
              </span>
            </div>
             
            <div
              class="header"
            >
              <span
                class="from"
              >
                Lukasz Holeczek
              </span>
               
              <span
                class="date"
              >
                Today, 3:47 PM
              </span>
            </div>
             
            <div
              class="title"
            >
              
              Lorem ipsum dolor sit amet, consectetur adipisicing elit.
            
            </div>
             
            <div
              class="description"
            >
              
              Lorem ipsum dolor sit amet, consectetur adipisicing elit, sed do eiusmod tempor incididunt ut labore et dolore magna aliqua. Ut enim ad minim veniam, quis nostrud exercitation ullamco laboris nisi ut aliquip ex ea commodo consequat. Duis aute irure dolor in reprehenderit in voluptate velit esse cillum dolore eu fugiat nulla pariatur.
            
            </div>
          </a>
        </li>
         
        <li
          class="message"
        >
          <a
            href="#"
          >
            <div
              class="actions"
            >
              <span
                class="action"
              >
                <i
                  class="fa fa-square-o"
                />
              </span>
               
              <span
                class="action"
              >
                <i
                  class="fa fa-star-o"
                />
              </span>
            </div>
             
            <div
              class="header"
            >
              <span
                class="from"
              >
                Lukasz Holeczek
              </span>
               
              <span
                class="date"
              >
                Today, 3:47 PM
              </span>
            </div>
             
            <div
              class="title"
            >
              
              Lorem ipsum dolor sit amet, consectetur adipisicing elit, sed do eiusmod tempor incididunt ut labore et dolore magna aliqua.
            
            </div>
             
            <div
              class="description"
            >
              
              Lorem ipsum dolor sit amet, consectetur adipisicing elit, sed do eiusmod tempor incididunt ut labore et dolore magna aliqua. Ut enim ad minim veniam, quis nostrud exercitation ullamco laboris nisi ut aliquip ex ea commodo consequat. Duis aute irure dolor in reprehenderit in voluptate velit esse cillum dolore eu fugiat nulla pariatur.
            
            </div>
          </a>
        </li>
         
        <li
          class="message"
        >
          <a
            href="#"
          >
            <div
              class="actions"
            >
              <span
                class="action"
              >
                <i
                  class="fa fa-square-o"
                />
              </span>
               
              <span
                class="action"
              >
                <i
                  class="fa fa-star-o"
                />
              </span>
            </div>
             
            <div
              class="header"
            >
              <span
                class="from"
              >
                Lukasz Holeczek
              </span>
               
              <span
                class="date"
              >
                Today, 3:47 PM
              </span>
            </div>
             
            <div
              class="title"
            >
              
              Lorem ipsum dolor sit amet.
            
            </div>
             
            <div
              class="description"
            >
              
              Lorem ipsum dolor sit amet, consectetur adipisicing elit, sed do eiusmod tempor incididunt ut labore et dolore magna aliqua. Ut enim ad minim veniam, quis nostrud exercitation ullamco laboris nisi ut aliquip ex ea commodo consequat. Duis aute irure dolor in reprehenderit in voluptate velit esse cillum dolore eu fugiat nulla pariatur.
            
            </div>
          </a>
        </li>
         
        <li
          class="message unread"
        >
          <a
            href="#"
          >
            <div
              class="actions"
            >
              <span
                class="action"
              >
                <i
                  class="fa fa-square-o"
                />
              </span>
               
              <span
                class="action"
              >
                <i
                  class="fa fa-star-o"
                />
              </span>
            </div>
             
            <div
              class="header"
            >
              <span
                class="from"
              >
                Lukasz Holeczek
              </span>
               
              <span
                class="date"
              >
                Today, 3:47 PM
              </span>
            </div>
             
            <div
              class="title"
            >
              
              Lorem ipsum dolor sit amet, consectetur adipisicing elit.
            
            </div>
             
            <div
              class="description"
            >
              
              Lorem ipsum dolor sit amet, consectetur adipisicing elit, sed do eiusmod tempor incididunt ut labore et dolore magna aliqua. Ut enim ad minim veniam, quis nostrud exercitation ullamco laboris nisi ut aliquip ex ea commodo consequat. Duis aute irure dolor in reprehenderit in voluptate velit esse cillum dolore eu fugiat nulla pariatur.
            
            </div>
          </a>
        </li>
         
        <li
          class="message"
        >
          <a
            href="#"
          >
            <div
              class="actions"
            >
              <span
                class="action"
              >
                <i
                  class="fa fa-square-o"
                />
              </span>
               
              <span
                class="action"
              >
                <i
                  class="fa fa-star-o"
                />
              </span>
            </div>
             
            <div
              class="header"
            >
              <span
                class="from"
              >
                Lukasz Holeczek
              </span>
               
              <span
                class="date"
              >
                Today, 3:47 PM
              </span>
            </div>
             
            <div
              class="title"
            >
              
              Lorem ipsum dolor sit amet, consectetur adipisicing elit, sed do eiusmod tempor incididunt ut labore et dolore magna aliqua.
            
            </div>
             
            <div
              class="description"
            >
              
              Lorem ipsum dolor sit amet, consectetur adipisicing elit, sed do eiusmod tempor incididunt ut labore et dolore magna aliqua. Ut enim ad minim veniam, quis nostrud exercitation ullamco laboris nisi ut aliquip ex ea commodo consequat. Duis aute irure dolor in reprehenderit in voluptate velit esse cillum dolore eu fugiat nulla pariatur.
            
            </div>
          </a>
        </li>
         
        <li
          class="message"
        >
          <a
            href="#"
          >
            <div
              class="actions"
            >
              <span
                class="action"
              >
                <i
                  class="fa fa-square-o"
                />
              </span>
               
              <span
                class="action"
              >
                <i
                  class="fa fa-star-o"
                />
              </span>
            </div>
             
            <div
              class="header"
            >
              <span
                class="from"
              >
                Lukasz Holeczek
              </span>
               
              <span
                class="date"
              >
                Today, 3:47 PM
              </span>
            </div>
             
            <div
              class="title"
            >
              
              Lorem ipsum dolor sit amet.
            
            </div>
             
            <div
              class="description"
            >
              
              Lorem ipsum dolor sit amet, consectetur adipisicing elit, sed do eiusmod tempor incididunt ut labore et dolore magna aliqua. Ut enim ad minim veniam, quis nostrud exercitation ullamco laboris nisi ut aliquip ex ea commodo consequat. Duis aute irure dolor in reprehenderit in voluptate velit esse cillum dolore eu fugiat nulla pariatur.
            
            </div>
          </a>
        </li>
      </ul>
    </main>
  </div>
</div>
`;
